******************************************************************************
                  TI ARM Linker PC v20.2.7                     
******************************************************************************
>> Linked Sat Aug 24 12:06:17 2024

OUTPUT FILE NAME:   <AUTOSAR_Project.out>
ENTRY POINT SYMBOL: "_c_int00_noargs"  address: 00001c09


MEMORY CONFIGURATION

         name            origin    length      used     unused   attr    fill
----------------------  --------  ---------  --------  --------  ----  --------
  FLASH                 00000000   00040000  00001e70  0003e190  R  X
  SRAM                  20000000   00008000  00000216  00007dea  RW X


SEGMENT ALLOCATION MAP

run origin  load origin   length   init length attrs members
----------  ----------- ---------- ----------- ----- -------
00000000    00000000    00001e70   00001e70    r-x
  00000000    00000000    0000026c   0000026c    r-- .intvecs
  0000026c    0000026c    00001a32   00001a32    r-x .text
  00001c9e    00001c9e    000001b2   000001b2    r-- .const
  00001e50    00001e50    00000020   00000020    r-- .cinit
20000000    20000000    00000216   00000000    rw-
  20000000    20000000    00000200   00000000    rw- .stack
  20000200    20000200    00000016   00000000    rw- .data


SECTION ALLOCATION MAP

 output                                  attributes/
section   page    origin      length       input sections
--------  ----  ----------  ----------   ----------------
.intvecs   0    00000000    0000026c     
                  00000000    0000026c     tm4c123gh6pm_startup_ccs.obj (.intvecs)

.text      0    0000026c    00001a32     
                  0000026c    0000130c     Port.obj (.text)
                  00001578    0000030c     Dio.obj (.text)
                  00001884    000000a8     Os.obj (.text)
                  0000192c    0000009c     rtsv7M4_T_le_v4SPD16_eabi.lib : memcpy_t2.asm.obj (.text)
                  000019c8    0000007c     Button.obj (.text)
                  00001a44    0000007c     Gpt.obj (.text)
                  00001ac0    00000068     rtsv7M4_T_le_v4SPD16_eabi.lib : copy_decompress_lzss.c.obj (.text:decompress:lzss:__TI_decompress_lzss)
                  00001b28    0000005c     App.obj (.text)
                  00001b84    00000044     rtsv7M4_T_le_v4SPD16_eabi.lib : autoinit.c.obj (.text:__TI_auto_init_nobinit_nopinit:__TI_auto_init_nobinit_nopinit)
                  00001bc8    0000003e     Led.obj (.text)
                  00001c06    00000002     --HOLE-- [fill = 0]
                  00001c08    00000034     rtsv7M4_T_le_v4SPD16_eabi.lib : boot_cortex_m.c.obj (.text:_c_int00_noargs:_c_int00_noargs)
                  00001c3c    00000020     Mcu.obj (.text)
                  00001c5c    00000016     Det.obj (.text)
                  00001c72    0000000e     rtsv7M4_T_le_v4SPD16_eabi.lib : copy_decompress_none.c.obj (.text:decompress:none:__TI_decompress_none)
                  00001c80    0000000c     tm4c123gh6pm_startup_ccs.obj (.text)
                  00001c8c    0000000a     main.obj (.text)
                  00001c96    00000004     rtsv7M4_T_le_v4SPD16_eabi.lib : pre_init.c.obj (.text:_system_pre_init)
                  00001c9a    00000004                                   : exit.c.obj (.text:abort:abort)

.const     0    00001c9e    000001b2     
                  00001c9e    000001ae     Port_PBcfg.obj (.const:Port_Configuration)
                  00001e4c    00000004     Dio_PBcfg.obj (.const:Dio_Configuration)

.cinit     0    00001e50    00000020     
                  00001e50    0000000e     (.cinit..data.load) [load image, compression = lzss]
                  00001e5e    00000002     --HOLE-- [fill = 0]
                  00001e60    00000008     (__TI_handler_table)
                  00001e68    00000008     (__TI_cinit_table)

.init_array 
*          0    00000000    00000000     UNINITIALIZED

.data      0    20000200    00000016     UNINITIALIZED
                  20000200    00000005     Dio.obj (.data)
                  20000205    00000003     Button.obj (.data)
                  20000208    00000005     Port.obj (.data)
                  2000020d    00000002     App.obj (.data)
                  2000020f    00000001     --HOLE--
                  20000210    00000004     Gpt.obj (.data)
                  20000214    00000002     Os.obj (.data)

.stack     0    20000000    00000200     UNINITIALIZED
                  20000000    00000004     rtsv7M4_T_le_v4SPD16_eabi.lib : boot_cortex_m.c.obj (.stack)
                  20000004    000001fc     --HOLE--

__llvm_prf_cnts 
*          0    20000000    00000000     UNINITIALIZED

MODULE SUMMARY

       Module                         code   ro data   rw data
       ------                         ----   -------   -------
    .\
       Port.obj                       4876   0         5      
       Dio.obj                        780    0         5      
       tm4c123gh6pm_startup_ccs.obj   12     620       0      
       Port_PBcfg.obj                 0      430       0      
       Os.obj                         168    0         2      
       Gpt.obj                        124    0         4      
       Button.obj                     124    0         3      
       App.obj                        92     0         2      
       Led.obj                        62     0         0      
       Mcu.obj                        32     0         0      
       Det.obj                        22     0         0      
       main.obj                       10     0         0      
       Dio_PBcfg.obj                  0      4         0      
    +--+------------------------------+------+---------+---------+
       Total:                         6302   1054      21     
                                                              
    E:\apps\codecompser\ccs\tools\compiler\ti-cgt-arm_20.2.7.LTS\lib\rtsv7M4_T_le_v4SPD16_eabi.lib
       memcpy_t2.asm.obj              156    0         0      
       copy_decompress_lzss.c.obj     104    0         0      
       autoinit.c.obj                 68     0         0      
       boot_cortex_m.c.obj            52     0         0      
       copy_decompress_none.c.obj     14     0         0      
       exit.c.obj                     4      0         0      
       pre_init.c.obj                 4      0         0      
    +--+------------------------------+------+---------+---------+
       Total:                         402    0         0      
                                                              
       Stack:                         0      0         512    
       Linker Generated:              0      30        0      
    +--+------------------------------+------+---------+---------+
       Grand Total:                   6704   1084      533    


LINKER GENERATED COPY TABLES

__TI_cinit_table @ 00001e68 records: 1, size/record: 8, table size: 8
	.data: load addr=00001e50, load size=0000000e bytes, run addr=20000200, run size=00000016 bytes, compression=lzss


LINKER GENERATED HANDLER TABLE

__TI_handler_table @ 00001e60 records: 2, size/record: 4, table size: 8
	index: 0, handler: __TI_decompress_lzss
	index: 1, handler: __TI_decompress_none


GLOBAL SYMBOLS: SORTED ALPHABETICALLY BY Name 

address   name                          
-------   ----                          
00001b4d  App_Task                      
000019c9  Button_GetState               
000019cf  Button_RefreshState           
00001b3d  Button_Task                   
00001c9b  C$$EXIT                       
00001c5d  Det_ReportError               
00001e4c  Dio_Configuration             
00001757  Dio_FlipChannel               
00001579  Dio_Init                      
0000167d  Dio_ReadChannel               
0000159d  Dio_WriteChannel              
00001b29  Init_Task                     
00001be1  Led_RefreshOutput             
00001bd5  Led_SetOff                    
00001bc9  Led_SetOn                     
00001b45  Led_Task                      
00001bf9  Led_Toggle                    
00001c3d  Mcu_Init                      
0000189f  Os_NewTimerTick               
000018af  Os_Scheduler                  
00001885  Os_start                      
00001c9e  Port_Configuration            
00000f4d  Port_GetVersionInfo           
0000026d  Port_Init                     
00000ded  Port_RefreshPortDirection     
00000b5d  Port_SetPinDirection          
00000fad  Port_SetPinMode               
00001c81  ResetISR                      
00001a45  SysTick_Handler               
00001a9d  SysTick_SetCallBack           
00001a55  SysTick_Start                 
00001a95  SysTick_Stop                  
20000200  __STACK_END                   
00000200  __STACK_SIZE                  
20000200  __STACK_TOP                   
00001e68  __TI_CINIT_Base               
00001e70  __TI_CINIT_Limit              
00001e60  __TI_Handler_Table_Base       
00001e68  __TI_Handler_Table_Limit      
00001b85  __TI_auto_init_nobinit_nopinit
00001ac1  __TI_decompress_lzss          
00001c73  __TI_decompress_none          
ffffffff  __TI_pprof_out_hndl           
ffffffff  __TI_prof_data_size           
ffffffff  __TI_prof_data_start          
00000000  __TI_static_base__            
0000192d  __aeabi_memcpy                
0000192d  __aeabi_memcpy4               
0000192d  __aeabi_memcpy8               
ffffffff  __binit__                     
ffffffff  __c_args__                    
UNDEFED   __mpu_init                    
20000000  __stack                       
20000000  __start___llvm_prf_cnts       
20000000  __stop___llvm_prf_cnts        
00001c09  _c_int00_noargs               
UNDEFED   _system_post_cinit            
00001c97  _system_pre_init              
00001c9b  abort                         
ffffffff  binit                         
00000000  g_pfnVectors                  
00001c8d  main                          
0000192d  memcpy                        


GLOBAL SYMBOLS: SORTED BY Symbol Address 

address   name                          
-------   ----                          
00000000  __TI_static_base__            
00000000  g_pfnVectors                  
00000200  __STACK_SIZE                  
0000026d  Port_Init                     
00000b5d  Port_SetPinDirection          
00000ded  Port_RefreshPortDirection     
00000f4d  Port_GetVersionInfo           
00000fad  Port_SetPinMode               
00001579  Dio_Init                      
0000159d  Dio_WriteChannel              
0000167d  Dio_ReadChannel               
00001757  Dio_FlipChannel               
00001885  Os_start                      
0000189f  Os_NewTimerTick               
000018af  Os_Scheduler                  
0000192d  __aeabi_memcpy                
0000192d  __aeabi_memcpy4               
0000192d  __aeabi_memcpy8               
0000192d  memcpy                        
000019c9  Button_GetState               
000019cf  Button_RefreshState           
00001a45  SysTick_Handler               
00001a55  SysTick_Start                 
00001a95  SysTick_Stop                  
00001a9d  SysTick_SetCallBack           
00001ac1  __TI_decompress_lzss          
00001b29  Init_Task                     
00001b3d  Button_Task                   
00001b45  Led_Task                      
00001b4d  App_Task                      
00001b85  __TI_auto_init_nobinit_nopinit
00001bc9  Led_SetOn                     
00001bd5  Led_SetOff                    
00001be1  Led_RefreshOutput             
00001bf9  Led_Toggle                    
00001c09  _c_int00_noargs               
00001c3d  Mcu_Init                      
00001c5d  Det_ReportError               
00001c73  __TI_decompress_none          
00001c81  ResetISR                      
00001c8d  main                          
00001c97  _system_pre_init              
00001c9b  C$$EXIT                       
00001c9b  abort                         
00001c9e  Port_Configuration            
00001e4c  Dio_Configuration             
00001e60  __TI_Handler_Table_Base       
00001e68  __TI_CINIT_Base               
00001e68  __TI_Handler_Table_Limit      
00001e70  __TI_CINIT_Limit              
20000000  __stack                       
20000000  __start___llvm_prf_cnts       
20000000  __stop___llvm_prf_cnts        
20000200  __STACK_END                   
20000200  __STACK_TOP                   
ffffffff  __TI_pprof_out_hndl           
ffffffff  __TI_prof_data_size           
ffffffff  __TI_prof_data_start          
ffffffff  __binit__                     
ffffffff  __c_args__                    
ffffffff  binit                         
UNDEFED   __mpu_init                    
UNDEFED   _system_post_cinit            

[63 symbols]
